[16:13:42.239] [INFO] storybook v10.2.7
[16:13:42.486] [DEBUG] Getting package.json info for /Volumes/DevStorage/Development/AUDION/apps/web/package.json...
[16:13:43.853] [DEBUG] Serving static files from apps/web/public at /
[16:13:43.855] [INFO] Starting...
[16:13:43.994] [DEBUG] Starting preview..
[16:13:44.032] [INFO] Using implicit CSS loaders
[16:13:46.569] [INFO] Using SWC as compiler
[16:13:46.573] [INFO] Using default Webpack5 setup
[16:13:47.807] [DEBUG] Using tsconfig paths for react-docgen
[16:13:52.865] [ERROR] Failed to build the preview
[16:13:52.868] [WARN] Force closed preview build
[16:13:52.869] [ERROR] [38;2;241;97;97mSB_BUILDER-WEBPACK5_0003 (WebpackCompilationError): There were problems when compiling your code with Webpack.
Run Storybook with --debug-webpack for more information.[39m
    at starter (file:///Volumes/DevStorage/Development/AUDION/node_modules/@storybook/builder-webpack5/dist/index.js:799:11)
    at starter.next (<anonymous>)
    at Module.start (file:///Volumes/DevStorage/Development/AUDION/node_modules/@storybook/builder-webpack5/dist/index.js:857:34)
    at process.processTicksAndRejections (node:internal/process/task_queues:103:5)
    at async storybookDevServer (file:///Volumes/DevStorage/Development/AUDION/node_modules/storybook/dist/core-server/index.js:7207:83)
    at async buildOrThrow (file:///Volumes/DevStorage/Development/AUDION/node_modules/storybook/dist/core-server/index.js:4504:12)
    at async buildDevStandalone (file:///Volumes/DevStorage/Development/AUDION/node_modules/storybook/dist/core-server/index.js:7577:66)
    at async withTelemetry (file:///Volumes/DevStorage/Development/AUDION/node_modules/storybook/dist/_node-chunks/chunk-TQNBPEAH.js:218:12)
    at async dev (file:///Volumes/DevStorage/Development/AUDION/node_modules/storybook/dist/bin/core.js:2734:3)
    at async _Command.<anonymous> (file:///Volumes/DevStorage/Development/AUDION/node_modules/storybook/dist/bin/core.js:2803:92)
[16:13:52.870] [WARN] Broken build, fix the error above.
You may need to refresh the browser.